// Jest Snapshot v1, https://goo.gl/fbAQLP

exports[`BackButton Component Test should render backbutton 1`] = `ShallowWrapper {}`;

exports[`Character Card Not Found Page should render Page Not Found 1`] = `ShallowWrapper {}`;

exports[`Character Card should render character card 1`] = `ShallowWrapper {}`;

exports[`Character List Component should render character list 1`] = `ShallowWrapper {}`;

exports[`Homepage should render homepage 1`] = `ShallowWrapper {}`;

exports[`Loading Component Test should render loading 1`] = `ShallowWrapper {}`;

exports[`Navbar Component Test should render navbar 1`] = `ShallowWrapper {}`;
